
> recruitment-incentive-tracker-frontend@1.0.0 build
> vite build

[36mvite v5.4.21 [32mbuilding for production...[36m[39m
transforming...
[32mΓ£ô[39m 1654 modules transformed.
rendering chunks...
computing gzip size...
[2mdist/[22m[32mindex.html                 [39m[1m[2m  0.48 kB[22m[1m[22m[2m Γöé gzip:   0.32 kB[22m
[2mdist/[22m[35massets/index-DyZklMGj.css  [39m[1m[2m 12.31 kB[22m[1m[22m[2m Γöé gzip:   3.28 kB[22m
[2mdist/[22m[36massets/index-CXB61b1Z.js   [39m[1m[2m417.10 kB[22m[1m[22m[2m Γöé gzip: 127.12 kB[22m
[32mΓ£ô built in 7.26s[39m
